

================================================================
== Vivado HLS Report for 'dct_dct_1d'
================================================================
* Date:           Mon Aug 10 12:48:30 2015

* Version:        2015.2 (Build 1266856 on Fri Jun 26 16:57:37 PM 2015)
* Project:        dct_prj
* Solution:       solution3
* Product family: kintex7
* Target device:  xc7k160tfbg484-1


================================================================
== Performance Estimates
================================================================
+ Timing (ns): 
    * Summary: 
    +--------+-------+----------+------------+
    |  Clock | Target| Estimated| Uncertainty|
    +--------+-------+----------+------------+
    |ap_clk  |   8.00|      8.74|        1.00|
    +--------+-------+----------+------------+

+ Latency (clock cycles): 
    * Summary: 
    +-----+-----+-----+-----+---------+
    |  Latency  |  Interval | Pipeline|
    | min | max | min | max |   Type  |
    +-----+-----+-----+-----+---------+
    |   37|   37|   37|   37|   none  |
    +-----+-----+-----+-----+---------+

    + Detail: 
        * Instance: 
        N/A

        * Loop: 
        +------------------+-----+-----+----------+-----------+-----------+------+----------+
        |                  |  Latency  | Iteration|  Initiation Interval  | Trip |          |
        |     Loop Name    | min | max |  Latency |  achieved |   target  | Count| Pipelined|
        +------------------+-----+-----+----------+-----------+-----------+------+----------+
        |- DCT_Outer_Loop  |   35|   35|         8|          4|          1|     8|    yes   |
        +------------------+-----+-----+----------+-----------+-----------+------+----------+



================================================================
== Utilization Estimates
================================================================
* Summary: 
+-----------------+---------+-------+--------+--------+
|       Name      | BRAM_18K| DSP48E|   FF   |   LUT  |
+-----------------+---------+-------+--------+--------+
|Expression       |        -|      3|       0|     142|
|FIFO             |        -|      -|       -|       -|
|Instance         |        -|      5|       -|       -|
|Memory           |        0|      -|     119|      16|
|Multiplexer      |        -|      -|       -|      21|
|Register         |        -|      -|     439|       -|
+-----------------+---------+-------+--------+--------+
|Total            |        0|      8|     558|     179|
+-----------------+---------+-------+--------+--------+
|Available        |      650|    600|  202800|  101400|
+-----------------+---------+-------+--------+--------+
|Utilization (%)  |        0|      1|   ~0   |   ~0   |
+-----------------+---------+-------+--------+--------+

+ Detail: 
    * Instance: 
    +-------------------------------------+----------------------------------+---------+-------+---+----+
    |               Instance              |              Module              | BRAM_18K| DSP48E| FF| LUT|
    +-------------------------------------+----------------------------------+---------+-------+---+----+
    |dct_mac_muladd_16s_14ns_29s_29_1_U3  |dct_mac_muladd_16s_14ns_29s_29_1  |        0|      1|  0|   0|
    |dct_mac_muladd_16s_15s_14ns_29_1_U4  |dct_mac_muladd_16s_15s_14ns_29_1  |        0|      1|  0|   0|
    |dct_mac_muladd_16s_15s_29s_29_1_U0   |dct_mac_muladd_16s_15s_29s_29_1   |        0|      1|  0|   0|
    |dct_mac_muladd_16s_15s_29s_29_1_U1   |dct_mac_muladd_16s_15s_29s_29_1   |        0|      1|  0|   0|
    |dct_mac_muladd_16s_15s_29s_29_1_U2   |dct_mac_muladd_16s_15s_29s_29_1   |        0|      1|  0|   0|
    +-------------------------------------+----------------------------------+---------+-------+---+----+
    |Total                                |                                  |        0|      5|  0|   0|
    +-------------------------------------+----------------------------------+---------+-------+---+----+

    * Memory: 
    +---------------------+------------------------------+---------+----+----+------+-----+------+-------------+
    |        Memory       |            Module            | BRAM_18K| FF | LUT| Words| Bits| Banks| W*Bits*Banks|
    +---------------------+------------------------------+---------+----+----+------+-----+------+-------------+
    |dct_coeff_table_0_U  |dct_dct_1d_dct_coeff_table_0  |        0|  14|   2|     8|   14|     1|          112|
    |dct_coeff_table_1_U  |dct_dct_1d_dct_coeff_table_1  |        0|  15|   2|     8|   15|     1|          120|
    |dct_coeff_table_2_U  |dct_dct_1d_dct_coeff_table_2  |        0|  15|   2|     8|   15|     1|          120|
    |dct_coeff_table_3_U  |dct_dct_1d_dct_coeff_table_3  |        0|  15|   2|     8|   15|     1|          120|
    |dct_coeff_table_4_U  |dct_dct_1d_dct_coeff_table_4  |        0|  15|   2|     8|   15|     1|          120|
    |dct_coeff_table_5_U  |dct_dct_1d_dct_coeff_table_5  |        0|  15|   2|     8|   15|     1|          120|
    |dct_coeff_table_6_U  |dct_dct_1d_dct_coeff_table_6  |        0|  15|   2|     8|   15|     1|          120|
    |dct_coeff_table_7_U  |dct_dct_1d_dct_coeff_table_7  |        0|  15|   2|     8|   15|     1|          120|
    +---------------------+------------------------------+---------+----+----+------+-----+------+-------------+
    |Total                |                              |        0| 119|  16|    64|  119|     8|          952|
    +---------------------+------------------------------+---------+----+----+------+-----+------+-------------+

    * FIFO: 
    N/A

    * Expression: 
    +---------------------+----------+-------+---+----+------------+------------+
    |    Variable Name    | Operation| DSP48E| FF| LUT| Bitwidth P0| Bitwidth P1|
    +---------------------+----------+-------+---+----+------------+------------+
    |tmp_8_1_fu_477_p2    |     *    |      1|  0|   0|          16|          15|
    |tmp_8_3_fu_497_p2    |     *    |      1|  0|   0|          16|          15|
    |tmp_8_5_fu_516_p2    |     *    |      1|  0|   0|          16|          15|
    |k_1_fu_450_p2        |     +    |      0|  0|   4|           4|           1|
    |p_addr7_fu_465_p2    |     +    |      0|  0|   8|           8|           8|
    |tmp1_fu_522_p2       |     +    |      0|  0|  29|          29|          29|
    |tmp4_fu_546_p2       |     +    |      0|  0|  14|          29|          29|
    |tmp_2_fu_550_p2      |     +    |      0|  0|  14|          29|          29|
    |exitcond1_fu_444_p2  |   icmp   |      0|  0|   2|           4|           5|
    |tmp_10_fu_318_p2     |    or    |      0|  0|  10|           7|           2|
    |tmp_13_fu_337_p2     |    or    |      0|  0|  10|           7|           2|
    |tmp_15_fu_356_p2     |    or    |      0|  0|  10|           7|           3|
    |tmp_17_fu_375_p2     |    or    |      0|  0|  10|           7|           3|
    |tmp_19_fu_394_p2     |    or    |      0|  0|  10|           7|           3|
    |tmp_21_fu_413_p2     |    or    |      0|  0|  10|           7|           3|
    |tmp_7_fu_299_p2      |    or    |      0|  0|  10|           7|           1|
    +---------------------+----------+-------+---+----+------------+------------+
    |Total                |          |      3|  0| 142|         200|         163|
    +---------------------+----------+-------+---+----+------------+------------+

    * Multiplexer: 
    +-----------------+----+-----------+-----+-----------+
    |       Name      | LUT| Input Size| Bits| Total Bits|
    +-----------------+----+-----------+-----+-----------+
    |ap_NS_fsm        |   1|          7|    1|          7|
    |k_phi_fu_271_p4  |   4|          2|    4|          8|
    |k_reg_267        |   4|          2|    4|          8|
    |src_address0     |   6|          5|    6|         30|
    |src_address1     |   6|          5|    6|         30|
    +-----------------+----+-----------+-----+-----------+
    |Total            |  21|         21|   21|         83|
    +-----------------+----+-----------+-----+-----------+

    * Register: 
    +----------------------------------------+----+----+-----+-----------+
    |                  Name                  | FF | LUT| Bits| Const Bits|
    +----------------------------------------+----+----+-----+-----------+
    |ap_CS_fsm                               |   6|   0|    6|          0|
    |ap_reg_ppiten_pp0_it0                   |   1|   0|    1|          0|
    |ap_reg_ppiten_pp0_it1                   |   1|   0|    1|          0|
    |ap_reg_ppstg_exitcond1_reg_653_pp0_it1  |   1|   0|    1|          0|
    |ap_reg_ppstg_p_addr7_reg_678_pp0_it1    |   8|   0|    8|          0|
    |dct_coeff_table_0_load_reg_698          |  14|   0|   14|          0|
    |dct_coeff_table_1_load_reg_688          |  15|   0|   15|          0|
    |dct_coeff_table_2_load_reg_743          |  15|   0|   15|          0|
    |dct_coeff_table_3_load_reg_713          |  15|   0|   15|          0|
    |dct_coeff_table_4_load_reg_753          |  15|   0|   15|          0|
    |dct_coeff_table_5_load_reg_763          |  15|   0|   15|          0|
    |dct_coeff_table_6_load_reg_768          |  15|   0|   15|          0|
    |dct_coeff_table_7_load_reg_773          |  15|   0|   15|          0|
    |exitcond1_reg_653                       |   1|   0|    1|          0|
    |k_1_reg_657                             |   4|   0|    4|          0|
    |k_reg_267                               |   4|   0|    4|          0|
    |p_addr16_cast_reg_648                   |   4|   0|    8|          4|
    |p_addr7_reg_678                         |   8|   0|    8|          0|
    |reg_278                                 |  16|   0|   16|          0|
    |reg_282                                 |  16|   0|   16|          0|
    |src_addr_1_reg_613                      |   3|   0|    6|          3|
    |src_addr_2_reg_618                      |   3|   0|    6|          3|
    |src_addr_3_reg_623                      |   3|   0|    6|          3|
    |src_addr_4_reg_628                      |   3|   0|    6|          3|
    |src_addr_5_reg_633                      |   3|   0|    6|          3|
    |src_addr_6_reg_638                      |   3|   0|    6|          3|
    |src_addr_7_reg_643                      |   3|   0|    6|          3|
    |src_addr_reg_608                        |   3|   0|    6|          3|
    |src_load_4_reg_758                      |  16|   0|   16|          0|
    |src_load_5_reg_728                      |  16|   0|   16|          0|
    |tmp1_reg_788                            |  29|   0|   29|          0|
    |tmp2_reg_778                            |  29|   0|   29|          0|
    |tmp6_reg_793                            |  29|   0|   29|          0|
    |tmp_4_reg_798                           |  16|   0|   16|          0|
    |tmp_8_1_reg_703                         |  29|   0|   29|          0|
    |tmp_8_3_reg_748                         |  29|   0|   29|          0|
    |tmp_8_5_reg_783                         |  29|   0|   29|          0|
    |tmp_reg_662                             |   4|   0|   64|         60|
    +----------------------------------------+----+----+-----+-----------+
    |Total                                   | 439|   0|  527|         88|
    +----------------------------------------+----+----+-----+-----------+



================================================================
== Interface
================================================================
* Summary: 
+--------------+-----+-----+------------+--------------+--------------+
|   RTL Ports  | Dir | Bits|  Protocol  | Source Object|    C Type    |
+--------------+-----+-----+------------+--------------+--------------+
|ap_clk        |  in |    1| ap_ctrl_hs |  dct_dct_1d  | return value |
|ap_rst        |  in |    1| ap_ctrl_hs |  dct_dct_1d  | return value |
|ap_start      |  in |    1| ap_ctrl_hs |  dct_dct_1d  | return value |
|ap_done       | out |    1| ap_ctrl_hs |  dct_dct_1d  | return value |
|ap_idle       | out |    1| ap_ctrl_hs |  dct_dct_1d  | return value |
|ap_ready      | out |    1| ap_ctrl_hs |  dct_dct_1d  | return value |
|src_address0  | out |    6|  ap_memory |      src     |     array    |
|src_ce0       | out |    1|  ap_memory |      src     |     array    |
|src_q0        |  in |   16|  ap_memory |      src     |     array    |
|src_address1  | out |    6|  ap_memory |      src     |     array    |
|src_ce1       | out |    1|  ap_memory |      src     |     array    |
|src_q1        |  in |   16|  ap_memory |      src     |     array    |
|tmp_1         |  in |    4|   ap_none  |     tmp_1    |    scalar    |
|dst_address0  | out |    6|  ap_memory |      dst     |     array    |
|dst_ce0       | out |    1|  ap_memory |      dst     |     array    |
|dst_we0       | out |    1|  ap_memory |      dst     |     array    |
|dst_d0        | out |   16|  ap_memory |      dst     |     array    |
|tmp_11        |  in |    4|   ap_none  |    tmp_11    |    scalar    |
+--------------+-----+-----+------------+--------------+--------------+

