

================================================================
== Vivado HLS Report for 'dct_dct_1d'
================================================================
* Date:           Sat Aug 08 23:01:37 2015

* Version:        2015.2 (Build 1266856 on Fri Jun 26 16:57:37 PM 2015)
* Project:        dct_prj
* Solution:       solution1
* Product family: kintex7
* Target device:  xc7k160tfbg484-1


================================================================
== Performance Estimates
================================================================
+ Timing (ns): 
    * Summary: 
    +--------+-------+----------+------------+
    |  Clock | Target| Estimated| Uncertainty|
    +--------+-------+----------+------------+
    |ap_clk  |   8.00|      5.79|        1.00|
    +--------+-------+----------+------------+

+ Latency (clock cycles): 
    * Summary: 
    +-----+-----+-----+-----+---------+
    |  Latency  |  Interval | Pipeline|
    | min | max | min | max |   Type  |
    +-----+-----+-----+-----+---------+
    |  209|  209|  209|  209|   none  |
    +-----+-----+-----+-----+---------+

    + Detail: 
        * Instance: 
        N/A

        * Loop: 
        +-------------------+-----+-----+----------+-----------+-----------+------+----------+
        |                   |  Latency  | Iteration|  Initiation Interval  | Trip |          |
        |     Loop Name     | min | max |  Latency |  achieved |   target  | Count| Pipelined|
        +-------------------+-----+-----+----------+-----------+-----------+------+----------+
        |- DCT_Outer_Loop   |  208|  208|        26|          -|          -|     8|    no    |
        | + DCT_Inner_Loop  |   24|   24|         3|          -|          -|     8|    no    |
        +-------------------+-----+-----+----------+-----------+-----------+------+----------+



================================================================
== Utilization Estimates
================================================================
* Summary: 
+-----------------+---------+-------+--------+--------+
|       Name      | BRAM_18K| DSP48E|   FF   |   LUT  |
+-----------------+---------+-------+--------+--------+
|Expression       |        -|      -|       0|      65|
|FIFO             |        -|      -|       -|       -|
|Instance         |        -|      1|       -|       -|
|Memory           |        0|      -|      15|      15|
|Multiplexer      |        -|      -|       -|      41|
|Register         |        -|      -|      96|       -|
+-----------------+---------+-------+--------+--------+
|Total            |        0|      1|     111|     121|
+-----------------+---------+-------+--------+--------+
|Available        |      650|    600|  202800|  101400|
+-----------------+---------+-------+--------+--------+
|Utilization (%)  |        0|   ~0  |   ~0   |   ~0   |
+-----------------+---------+-------+--------+--------+

+ Detail: 
    * Instance: 
    +-------------------------------------+----------------------------------+---------+-------+---+----+
    |               Instance              |              Module              | BRAM_18K| DSP48E| FF| LUT|
    +-------------------------------------+----------------------------------+---------+-------+---+----+
    |dct_mac_muladd_16s_15s_32ns_32_1_U0  |dct_mac_muladd_16s_15s_32ns_32_1  |        0|      1|  0|   0|
    +-------------------------------------+----------------------------------+---------+-------+---+----+
    |Total                                |                                  |        0|      1|  0|   0|
    +-------------------------------------+----------------------------------+---------+-------+---+----+

    * Memory: 
    +-------------------+----------------------------+---------+----+----+------+-----+------+-------------+
    |       Memory      |           Module           | BRAM_18K| FF | LUT| Words| Bits| Banks| W*Bits*Banks|
    +-------------------+----------------------------+---------+----+----+------+-----+------+-------------+
    |dct_coeff_table_U  |dct_dct_1d_dct_coeff_table  |        0|  15|  15|    64|   15|     1|          960|
    +-------------------+----------------------------+---------+----+----+------+-----+------+-------------+
    |Total              |                            |        0|  15|  15|    64|   15|     1|          960|
    +-------------------+----------------------------+---------+----+----+------+-----+------+-------------+

    * FIFO: 
    N/A

    * Expression: 
    +---------------------------------+----------+-------+---+----+------------+------------+
    |          Variable Name          | Operation| DSP48E| FF| LUT| Bitwidth P0| Bitwidth P1|
    +---------------------------------+----------+-------+---+----+------------+------------+
    |dct_coeff_table_addr7_fu_195_p2  |     +    |      0|  0|   8|           8|           8|
    |k_1_fu_161_p2                    |     +    |      0|  0|   4|           4|           1|
    |n_1_fu_185_p2                    |     +    |      0|  0|   4|           4|           1|
    |p_addr1_fu_205_p2                |     +    |      0|  0|   8|           8|           8|
    |p_addr3_fu_240_p2                |     +    |      0|  0|   8|           8|           8|
    |tmp_2_fu_219_p2                  |     +    |      0|  0|  29|          13|          29|
    |exitcond1_fu_155_p2              |   icmp   |      0|  0|   2|           4|           5|
    |exitcond_fu_179_p2               |   icmp   |      0|  0|   2|           4|           5|
    +---------------------------------+----------+-------+---+----+------------+------------+
    |Total                            |          |      0|  0|  65|          53|          65|
    +---------------------------------+----------+-------+---+----+------------+------------+

    * Multiplexer: 
    +--------------+----+-----------+-----+-----------+
    |     Name     | LUT| Input Size| Bits| Total Bits|
    +--------------+----+-----------+-----+-----------+
    |ap_NS_fsm     |   1|          6|    1|          6|
    |k_reg_96      |   4|          2|    4|          8|
    |n_reg_108     |   4|          2|    4|          8|
    |tmp1_reg_119  |  32|          2|   32|         64|
    +--------------+----+-----------+-----+-----------+
    |Total         |  41|         12|   41|         86|
    +--------------+----+-----------+-----+-----------+

    * Register: 
    +------------------------------------+----+----+-----+-----------+
    |                Name                | FF | LUT| Bits| Const Bits|
    +------------------------------------+----+----+-----+-----------+
    |ap_CS_fsm                           |   5|   0|    5|          0|
    |dct_coeff_table_addr6_cast_reg_282  |   4|   0|    8|          4|
    |dct_coeff_table_load_reg_305        |  15|   0|   15|          0|
    |k_1_reg_277                         |   4|   0|    4|          0|
    |k_reg_96                            |   4|   0|    4|          0|
    |n_1_reg_290                         |   4|   0|    4|          0|
    |n_reg_108                           |   4|   0|    4|          0|
    |p_addr2_cast_reg_269                |   4|   0|    8|          4|
    |p_addr_cast_reg_264                 |   4|   0|    8|          4|
    |src_load_reg_310                    |  16|   0|   16|          0|
    |tmp1_reg_119                        |  32|   0|   32|          0|
    +------------------------------------+----+----+-----+-----------+
    |Total                               |  96|   0|  108|         12|
    +------------------------------------+----+----+-----+-----------+



================================================================
== Interface
================================================================
* Summary: 
+--------------+-----+-----+------------+--------------+--------------+
|   RTL Ports  | Dir | Bits|  Protocol  | Source Object|    C Type    |
+--------------+-----+-----+------------+--------------+--------------+
|ap_clk        |  in |    1| ap_ctrl_hs |  dct_dct_1d  | return value |
|ap_rst        |  in |    1| ap_ctrl_hs |  dct_dct_1d  | return value |
|ap_start      |  in |    1| ap_ctrl_hs |  dct_dct_1d  | return value |
|ap_done       | out |    1| ap_ctrl_hs |  dct_dct_1d  | return value |
|ap_idle       | out |    1| ap_ctrl_hs |  dct_dct_1d  | return value |
|ap_ready      | out |    1| ap_ctrl_hs |  dct_dct_1d  | return value |
|src_address0  | out |    6|  ap_memory |      src     |     array    |
|src_ce0       | out |    1|  ap_memory |      src     |     array    |
|src_q0        |  in |   16|  ap_memory |      src     |     array    |
|tmp_1         |  in |    4|   ap_none  |     tmp_1    |    scalar    |
|dst_address0  | out |    6|  ap_memory |      dst     |     array    |
|dst_ce0       | out |    1|  ap_memory |      dst     |     array    |
|dst_we0       | out |    1|  ap_memory |      dst     |     array    |
|dst_d0        | out |   16|  ap_memory |      dst     |     array    |
|tmp_11        |  in |    4|   ap_none  |    tmp_11    |    scalar    |
+--------------+-----+-----+------------+--------------+--------------+

