

================================================================
== Vivado HLS Report for 'dct_dct_2d'
================================================================
* Date:           Sat Aug 08 23:01:37 2015

* Version:        2015.2 (Build 1266856 on Fri Jun 26 16:57:37 PM 2015)
* Project:        dct_prj
* Solution:       solution1
* Product family: kintex7
* Target device:  xc7k160tfbg484-1


================================================================
== Performance Estimates
================================================================
+ Timing (ns): 
    * Summary: 
    +--------+-------+----------+------------+
    |  Clock | Target| Estimated| Uncertainty|
    +--------+-------+----------+------------+
    |ap_clk  |   8.00|      5.79|        1.00|
    +--------+-------+----------+------------+

+ Latency (clock cycles): 
    * Summary: 
    +------+------+------+------+---------+
    |   Latency   |   Interval  | Pipeline|
    |  min |  max |  min |  max |   Type  |
    +------+------+------+------+---------+
    |  3668|  3668|  3668|  3668|   none  |
    +------+------+------+------+---------+

    + Detail: 
        * Instance: 
        N/A

        * Loop: 
        +-------------------------+------+------+----------+-----------+-----------+------+----------+
        |                         |   Latency   | Iteration|  Initiation Interval  | Trip |          |
        |        Loop Name        |  min |  max |  Latency |  achieved |   target  | Count| Pipelined|
        +-------------------------+------+------+----------+-----------+-----------+------+----------+
        |- Row_DCT_Loop           |  1688|  1688|       211|          -|          -|     8|    no    |
        |- Xpose_Row_Outer_Loop   |   144|   144|        18|          -|          -|     8|    no    |
        | + Xpose_Row_Inner_Loop  |    16|    16|         2|          -|          -|     8|    no    |
        |- Col_DCT_Loop           |  1688|  1688|       211|          -|          -|     8|    no    |
        |- Xpose_Col_Outer_Loop   |   144|   144|        18|          -|          -|     8|    no    |
        | + Xpose_Col_Inner_Loop  |    16|    16|         2|          -|          -|     8|    no    |
        +-------------------------+------+------+----------+-----------+-----------+------+----------+



================================================================
== Utilization Estimates
================================================================
* Summary: 
+-----------------+---------+-------+--------+--------+
|       Name      | BRAM_18K| DSP48E|   FF   |   LUT  |
+-----------------+---------+-------+--------+--------+
|Expression       |        -|      -|       -|       -|
|FIFO             |        -|      -|       -|       -|
|Instance         |        -|      -|       -|       -|
|Memory           |        -|      -|       -|       -|
|Multiplexer      |        -|      -|       -|       -|
|Register         |        -|      -|       -|       -|
+-----------------+---------+-------+--------+--------+
|Total            |        0|      0|       0|       0|
+-----------------+---------+-------+--------+--------+
|Available        |      650|    600|  202800|  101400|
+-----------------+---------+-------+--------+--------+
|Utilization (%)  |        0|      0|       0|       0|
+-----------------+---------+-------+--------+--------+

+ Detail: 
    * Instance: 
    N/A

    * Memory: 
    N/A

    * FIFO: 
    N/A

    * Expression: 
    N/A

    * Multiplexer: 
    N/A

    * Register: 
    N/A



================================================================
== Interface
================================================================
* Summary: 
N/A

============================================================
+ Verbose Summary: Synthesis Manager
============================================================
InlineROM: 1
ExposeGlobal: 0
============================================================
+ Verbose Summary: CDFG Model
============================================================
IsTopModel: 0
ResetActiveHigh: 1
IsCombinational: 0
IsDatapathOnly: 0
HasWiredReturn: 1
HasMFsm: 0
HasVarLatency: 1
IsPipeline: 0
IsRtlPipelined: 0
IsInstanceOverlapped: 0
IsDontTouch: 0
HasImplIP: 0
IsGatedGlobalClock: 0


============================================================
+ Verbose Summary: Schedule
============================================================
* Number of FSM states: 11
* Pipeline: 0
* Dataflow Pipeline: 0

* FSM state transitions: 
1 --> 
	2  / true
2 --> 
	3  / (!exitcond5)
	4  / (exitcond5)
3 --> 
	2  / true
4 --> 
	7  / (exitcond4)
	5  / (!exitcond4)
5 --> 
	6  / (!exitcond3)
	4  / (exitcond3)
6 --> 
	5  / true
7 --> 
	8  / (!exitcond2)
	9  / (exitcond2)
8 --> 
	7  / true
9 --> 
	10  / (!exitcond1)
10 --> 
	11  / (!exitcond)
	9  / (exitcond)
11 --> 
	10  / true
* FSM state operations: 

 <State 1>: 1.09ns
ST_1: row_outbuf [1/1] 0.00ns
:0  %row_outbuf = alloca [64 x i16], align 2

ST_1: col_outbuf [1/1] 0.00ns
:1  %col_outbuf = alloca [64 x i16], align 2

ST_1: col_inbuf [1/1] 0.00ns
:2  %col_inbuf = alloca [64 x i16], align 2

ST_1: stg_15 [1/1] 1.09ns
:3  br label %1


 <State 2>: 2.32ns
ST_2: i [1/1] 0.00ns
:0  %i = phi i4 [ 0, %0 ], [ %i_4, %2 ]

ST_2: exitcond5 [1/1] 1.24ns
:1  %exitcond5 = icmp eq i4 %i, -8

ST_2: empty [1/1] 0.00ns
:2  %empty = call i32 (...)* @_ssdm_op_SpecLoopTripCount(i64 8, i64 8, i64 8)

ST_2: i_4 [1/1] 0.48ns
:3  %i_4 = add i4 %i, 1

ST_2: stg_20 [1/1] 1.09ns
:4  br i1 %exitcond5, label %.preheader7, label %2

ST_2: stg_21 [2/2] 0.72ns
:1  call fastcc void @dct_dct_1d([64 x i16]* nocapture %in_block, i4 %i, [64 x i16]* nocapture %row_outbuf, i4 %i)


 <State 3>: 0.00ns
ST_3: stg_22 [1/1] 0.00ns
:0  call void (...)* @_ssdm_op_SpecLoopName([13 x i8]* @p_str2) nounwind

ST_3: stg_23 [1/2] 0.00ns
:1  call fastcc void @dct_dct_1d([64 x i16]* nocapture %in_block, i4 %i, [64 x i16]* nocapture %row_outbuf, i4 %i)

ST_3: stg_24 [1/1] 0.00ns
:2  br label %1


 <State 4>: 2.32ns
ST_4: j [1/1] 0.00ns
.preheader7:0  %j = phi i4 [ %j_2, %6 ], [ 0, %1 ]

ST_4: exitcond4 [1/1] 1.24ns
.preheader7:1  %exitcond4 = icmp eq i4 %j, -8

ST_4: empty_10 [1/1] 0.00ns
.preheader7:2  %empty_10 = call i32 (...)* @_ssdm_op_SpecLoopTripCount(i64 8, i64 8, i64 8)

ST_4: j_2 [1/1] 0.48ns
.preheader7:3  %j_2 = add i4 %j, 1

ST_4: stg_29 [1/1] 1.09ns
.preheader7:4  br i1 %exitcond4, label %.preheader6, label %3

ST_4: stg_30 [1/1] 0.00ns
:0  call void (...)* @_ssdm_op_SpecLoopName([21 x i8]* @p_str3) nounwind

ST_4: tmp_6 [1/1] 0.00ns
:1  %tmp_6 = call i32 (...)* @_ssdm_op_SpecRegionBegin([21 x i8]* @p_str3)

ST_4: tmp_trn_cast [1/1] 0.00ns
:2  %tmp_trn_cast = zext i4 %j to i8

ST_4: tmp [1/1] 0.00ns
:3  %tmp = call i7 @_ssdm_op_BitConcatenate.i7.i4.i3(i4 %j, i3 0)

ST_4: p_addr6_cast [1/1] 0.00ns
:4  %p_addr6_cast = zext i7 %tmp to i8

ST_4: stg_35 [1/1] 1.09ns
:5  br label %4


 <State 5>: 3.67ns
ST_5: i_1 [1/1] 0.00ns
:0  %i_1 = phi i4 [ 0, %3 ], [ %i_6, %5 ]

ST_5: exitcond3 [1/1] 1.24ns
:1  %exitcond3 = icmp eq i4 %i_1, -8

ST_5: empty_11 [1/1] 0.00ns
:2  %empty_11 = call i32 (...)* @_ssdm_op_SpecLoopTripCount(i64 8, i64 8, i64 8)

ST_5: i_6 [1/1] 0.48ns
:3  %i_6 = add i4 %i_1, 1

ST_5: stg_40 [1/1] 0.00ns
:4  br i1 %exitcond3, label %6, label %5

ST_5: tmp_2_trn_cast [1/1] 0.00ns
:1  %tmp_2_trn_cast = zext i4 %i_1 to i8

ST_5: tmp_7 [1/1] 0.00ns
:2  %tmp_7 = call i7 @_ssdm_op_BitConcatenate.i7.i4.i3(i4 %i_1, i3 0)

ST_5: p_addr_cast [1/1] 0.00ns
:3  %p_addr_cast = zext i7 %tmp_7 to i8

ST_5: p_addr1 [1/1] 1.34ns
:4  %p_addr1 = add i8 %tmp_trn_cast, %p_addr_cast

ST_5: tmp_9 [1/1] 0.00ns
:5  %tmp_9 = zext i8 %p_addr1 to i64

ST_5: row_outbuf_addr [1/1] 0.00ns
:6  %row_outbuf_addr = getelementptr [64 x i16]* %row_outbuf, i64 0, i64 %tmp_9

ST_5: row_outbuf_load [2/2] 2.33ns
:7  %row_outbuf_load = load i16* %row_outbuf_addr, align 2

ST_5: p_addr7 [1/1] 1.34ns
:8  %p_addr7 = add i8 %tmp_2_trn_cast, %p_addr6_cast

ST_5: empty_12 [1/1] 0.00ns
:0  %empty_12 = call i32 (...)* @_ssdm_op_SpecRegionEnd([21 x i8]* @p_str3, i32 %tmp_6)

ST_5: stg_50 [1/1] 0.00ns
:1  br label %.preheader7


 <State 6>: 4.66ns
ST_6: stg_51 [1/1] 0.00ns
:0  call void (...)* @_ssdm_op_SpecLoopName([21 x i8]* @p_str4) nounwind

ST_6: row_outbuf_load [1/2] 2.33ns
:7  %row_outbuf_load = load i16* %row_outbuf_addr, align 2

ST_6: tmp_1 [1/1] 0.00ns
:9  %tmp_1 = zext i8 %p_addr7 to i64

ST_6: col_inbuf_addr [1/1] 0.00ns
:10  %col_inbuf_addr = getelementptr [64 x i16]* %col_inbuf, i64 0, i64 %tmp_1

ST_6: stg_55 [1/1] 2.33ns
:11  store i16 %row_outbuf_load, i16* %col_inbuf_addr, align 2

ST_6: stg_56 [1/1] 0.00ns
:12  br label %4


 <State 7>: 2.32ns
ST_7: i_2 [1/1] 0.00ns
.preheader6:0  %i_2 = phi i4 [ %i_5, %7 ], [ 0, %.preheader7 ]

ST_7: exitcond2 [1/1] 1.24ns
.preheader6:1  %exitcond2 = icmp eq i4 %i_2, -8

ST_7: empty_13 [1/1] 0.00ns
.preheader6:2  %empty_13 = call i32 (...)* @_ssdm_op_SpecLoopTripCount(i64 8, i64 8, i64 8)

ST_7: i_5 [1/1] 0.48ns
.preheader6:3  %i_5 = add i4 %i_2, 1

ST_7: stg_61 [1/1] 1.09ns
.preheader6:4  br i1 %exitcond2, label %.preheader, label %7

ST_7: stg_62 [2/2] 0.72ns
:1  call fastcc void @dct_dct_1d([64 x i16]* nocapture %col_inbuf, i4 %i_2, [64 x i16]* nocapture %col_outbuf, i4 %i_2)


 <State 8>: 0.00ns
ST_8: stg_63 [1/1] 0.00ns
:0  call void (...)* @_ssdm_op_SpecLoopName([13 x i8]* @p_str5) nounwind

ST_8: stg_64 [1/2] 0.00ns
:1  call fastcc void @dct_dct_1d([64 x i16]* nocapture %col_inbuf, i4 %i_2, [64 x i16]* nocapture %col_outbuf, i4 %i_2)

ST_8: stg_65 [1/1] 0.00ns
:2  br label %.preheader6


 <State 9>: 1.24ns
ST_9: j_1 [1/1] 0.00ns
.preheader:0  %j_1 = phi i4 [ %j_3, %11 ], [ 0, %.preheader6 ]

ST_9: exitcond1 [1/1] 1.24ns
.preheader:1  %exitcond1 = icmp eq i4 %j_1, -8

ST_9: empty_14 [1/1] 0.00ns
.preheader:2  %empty_14 = call i32 (...)* @_ssdm_op_SpecLoopTripCount(i64 8, i64 8, i64 8)

ST_9: j_3 [1/1] 0.48ns
.preheader:3  %j_3 = add i4 %j_1, 1

ST_9: stg_70 [1/1] 0.00ns
.preheader:4  br i1 %exitcond1, label %12, label %8

ST_9: stg_71 [1/1] 0.00ns
:0  call void (...)* @_ssdm_op_SpecLoopName([21 x i8]* @p_str6) nounwind

ST_9: tmp_8 [1/1] 0.00ns
:1  %tmp_8 = call i32 (...)* @_ssdm_op_SpecRegionBegin([21 x i8]* @p_str6)

ST_9: tmp_3_trn_cast [1/1] 0.00ns
:2  %tmp_3_trn_cast = zext i4 %j_1 to i8

ST_9: tmp_s [1/1] 0.00ns
:3  %tmp_s = call i7 @_ssdm_op_BitConcatenate.i7.i4.i3(i4 %j_1, i3 0)

ST_9: p_addr4_cast [1/1] 0.00ns
:4  %p_addr4_cast = zext i7 %tmp_s to i8

ST_9: stg_76 [1/1] 1.09ns
:5  br label %9

ST_9: stg_77 [1/1] 0.00ns
:0  ret void


 <State 10>: 3.67ns
ST_10: i_3 [1/1] 0.00ns
:0  %i_3 = phi i4 [ 0, %8 ], [ %i_7, %10 ]

ST_10: exitcond [1/1] 1.24ns
:1  %exitcond = icmp eq i4 %i_3, -8

ST_10: empty_15 [1/1] 0.00ns
:2  %empty_15 = call i32 (...)* @_ssdm_op_SpecLoopTripCount(i64 8, i64 8, i64 8)

ST_10: i_7 [1/1] 0.48ns
:3  %i_7 = add i4 %i_3, 1

ST_10: stg_82 [1/1] 0.00ns
:4  br i1 %exitcond, label %11, label %10

ST_10: tmp_4_trn_cast [1/1] 0.00ns
:1  %tmp_4_trn_cast = zext i4 %i_3 to i8

ST_10: tmp_2 [1/1] 0.00ns
:2  %tmp_2 = call i7 @_ssdm_op_BitConcatenate.i7.i4.i3(i4 %i_3, i3 0)

ST_10: p_addr2_cast [1/1] 0.00ns
:3  %p_addr2_cast = zext i7 %tmp_2 to i8

ST_10: p_addr3 [1/1] 1.34ns
:4  %p_addr3 = add i8 %tmp_3_trn_cast, %p_addr2_cast

ST_10: tmp_3 [1/1] 0.00ns
:5  %tmp_3 = zext i8 %p_addr3 to i64

ST_10: col_outbuf_addr [1/1] 0.00ns
:6  %col_outbuf_addr = getelementptr [64 x i16]* %col_outbuf, i64 0, i64 %tmp_3

ST_10: col_outbuf_load [2/2] 2.33ns
:7  %col_outbuf_load = load i16* %col_outbuf_addr, align 2

ST_10: p_addr5 [1/1] 1.34ns
:8  %p_addr5 = add i8 %tmp_4_trn_cast, %p_addr4_cast

ST_10: empty_16 [1/1] 0.00ns
:0  %empty_16 = call i32 (...)* @_ssdm_op_SpecRegionEnd([21 x i8]* @p_str6, i32 %tmp_8)

ST_10: stg_92 [1/1] 0.00ns
:1  br label %.preheader


 <State 11>: 4.66ns
ST_11: stg_93 [1/1] 0.00ns
:0  call void (...)* @_ssdm_op_SpecLoopName([21 x i8]* @p_str7) nounwind

ST_11: col_outbuf_load [1/2] 2.33ns
:7  %col_outbuf_load = load i16* %col_outbuf_addr, align 2

ST_11: tmp_4 [1/1] 0.00ns
:9  %tmp_4 = zext i8 %p_addr5 to i64

ST_11: out_block_addr [1/1] 0.00ns
:10  %out_block_addr = getelementptr [64 x i16]* %out_block, i64 0, i64 %tmp_4

ST_11: stg_97 [1/1] 2.33ns
:11  store i16 %col_outbuf_load, i16* %out_block_addr, align 2

ST_11: stg_98 [1/1] 0.00ns
:12  br label %9



============================================================
+ Verbose Summary: Binding
============================================================
N/A
* FSMD analyzer results:
  - Output states:
  - Chain level:
	State 1
	State 2
	State 3
	State 4
	State 5
	State 6
	State 7
	State 8
	State 9
	State 10
	State 11


============================================================
+ Verbose Summary: Datapath Resource usage 
============================================================
N/A
