

================================================================
== Vivado HLS Report for 'dct'
================================================================
* Date:           Mon Aug 10 12:48:30 2015

* Version:        2015.2 (Build 1266856 on Fri Jun 26 16:57:37 PM 2015)
* Project:        dct_prj
* Solution:       solution3
* Product family: kintex7
* Target device:  xc7k160tfbg484-1


================================================================
== Performance Estimates
================================================================
+ Timing (ns): 
    * Summary: 
    +--------+-------+----------+------------+
    |  Clock | Target| Estimated| Uncertainty|
    +--------+-------+----------+------------+
    |ap_clk  |   8.00|      8.74|        1.00|
    +--------+-------+----------+------------+

+ Latency (clock cycles): 
    * Summary: 
    +-----+-----+-----+-----+---------+
    |  Latency  |  Interval | Pipeline|
    | min | max | min | max |   Type  |
    +-----+-----+-----+-----+---------+
    |  890|  890|  891|  891|   none  |
    +-----+-----+-----+-----+---------+

    + Detail: 
        * Instance: 
        N/A

        * Loop: 
        +---------------------------+-----+-----+----------+-----------+-----------+------+----------+
        |                           |  Latency  | Iteration|  Initiation Interval  | Trip |          |
        |         Loop Name         | min | max |  Latency |  achieved |   target  | Count| Pipelined|
        +---------------------------+-----+-----+----------+-----------+-----------+------+----------+
        |- RD_Loop_Row_RD_Loop_Col  |   64|   64|         2|          1|          1|    64|    yes   |
        |- WR_Loop_Row_WR_Loop_Col  |   64|   64|         2|          1|          1|    64|    yes   |
        +---------------------------+-----+-----+----------+-----------+-----------+------+----------+



================================================================
== Utilization Estimates
================================================================
* Summary: 
+-----------------+---------+-------+--------+--------+
|       Name      | BRAM_18K| DSP48E|   FF   |   LUT  |
+-----------------+---------+-------+--------+--------+
|Expression       |        -|      -|       -|       -|
|FIFO             |        -|      -|       -|       -|
|Instance         |        -|      -|       -|       -|
|Memory           |        -|      -|       -|       -|
|Multiplexer      |        -|      -|       -|       -|
|Register         |        -|      -|       -|       -|
+-----------------+---------+-------+--------+--------+
|Total            |        0|      0|       0|       0|
+-----------------+---------+-------+--------+--------+
|Available        |      650|    600|  202800|  101400|
+-----------------+---------+-------+--------+--------+
|Utilization (%)  |        0|      0|       0|       0|
+-----------------+---------+-------+--------+--------+

+ Detail: 
    * Instance: 
    N/A

    * Memory: 
    N/A

    * FIFO: 
    N/A

    * Expression: 
    N/A

    * Multiplexer: 
    N/A

    * Register: 
    N/A



================================================================
== Interface
================================================================
* Summary: 
N/A

============================================================
+ Verbose Summary: Synthesis Manager
============================================================
InlineROM: 1
ExposeGlobal: 0
============================================================
+ Verbose Summary: CDFG Model
============================================================
IsTopModel: 1
ResetActiveHigh: 1
IsCombinational: 0
IsDatapathOnly: 0
HasWiredReturn: 1
HasMFsm: 0
HasVarLatency: 1
IsPipeline: 0
IsRtlPipelined: 0
IsInstanceOverlapped: 0
IsDontTouch: 0
HasImplIP: 0
IsGatedGlobalClock: 0

+ Individual pipeline summary: 
  * Pipeline-0: initiation interval (II) = 1, depth = 2
  * Pipeline-1: initiation interval (II) = 1, depth = 2


============================================================
+ Verbose Summary: Schedule
============================================================
* Number of FSM states: 8
* Pipeline: 2
  Pipeline-0: II = 1, D = 2, States = { 2 3 }
  Pipeline-1: II = 1, D = 2, States = { 6 7 }
* Dataflow Pipeline: 0

* FSM state transitions: 
1 --> 
	2  / true
2 --> 
	4  / (exitcond_flatten)
	3  / (!exitcond_flatten)
3 --> 
	2  / true
4 --> 
	5  / true
5 --> 
	6  / true
6 --> 
	8  / (exitcond_flatten1)
	7  / (!exitcond_flatten1)
7 --> 
	6  / true
8 --> 
* FSM state operations: 

 <State 1>: 1.09ns
ST_1: stg_9 [1/1] 0.00ns
:0  call void (...)* @_ssdm_op_SpecBitsMap([64 x i16]* %input_r) nounwind, !map !7

ST_1: stg_10 [1/1] 0.00ns
:1  call void (...)* @_ssdm_op_SpecBitsMap([64 x i16]* %output_r) nounwind, !map !13

ST_1: stg_11 [1/1] 0.00ns
:2  call void (...)* @_ssdm_op_SpecTopModule([4 x i8]* @dct_str) nounwind

ST_1: buf_2d_in [1/1] 0.00ns
:3  %buf_2d_in = alloca [64 x i16], align 2

ST_1: buf_2d_out [1/1] 0.00ns
:4  %buf_2d_out = alloca [64 x i16], align 2

ST_1: stg_14 [1/1] 1.09ns
:5  br label %1


 <State 2>: 5.75ns
ST_2: indvar_flatten [1/1] 0.00ns
:0  %indvar_flatten = phi i7 [ 0, %0 ], [ %indvar_flatten_next, %.reset ]

ST_2: r_i [1/1] 0.00ns
:1  %r_i = phi i4 [ 0, %0 ], [ %r_i_mid2, %.reset ]

ST_2: c_i [1/1] 0.00ns
:2  %c_i = phi i4 [ 0, %0 ], [ %c, %.reset ]

ST_2: exitcond_flatten [1/1] 1.35ns
:3  %exitcond_flatten = icmp eq i7 %indvar_flatten, -64

ST_2: indvar_flatten_next [1/1] 1.34ns
:4  %indvar_flatten_next = add i7 %indvar_flatten, 1

ST_2: stg_20 [1/1] 0.00ns
:5  br i1 %exitcond_flatten, label %read_data.exit, label %.reset

ST_2: exitcond_i [1/1] 1.24ns
.reset:2  %exitcond_i = icmp eq i4 %c_i, -8

ST_2: c_i_mid2 [1/1] 0.84ns
.reset:3  %c_i_mid2 = select i1 %exitcond_i, i4 0, i4 %c_i

ST_2: r [1/1] 0.48ns
.reset:4  %r = add i4 1, %r_i

ST_2: r_i_mid2 [1/1] 0.84ns
.reset:5  %r_i_mid2 = select i1 %exitcond_i, i4 %r, i4 %r_i

ST_2: tmp [1/1] 0.00ns
.reset:6  %tmp = trunc i4 %r_i_mid2 to i3

ST_2: tmp_i [1/1] 0.00ns
.reset:7  %tmp_i = call i6 @_ssdm_op_BitConcatenate.i6.i3.i3(i3 %tmp, i3 0)

ST_2: c_i_cast6 [1/1] 0.00ns
.reset:8  %c_i_cast6 = zext i4 %c_i_mid2 to i6

ST_2: tmp_5_i [1/1] 1.34ns
.reset:12  %tmp_5_i = add i6 %c_i_cast6, %tmp_i

ST_2: tmp_6_i [1/1] 0.00ns
.reset:13  %tmp_6_i = zext i6 %tmp_5_i to i64

ST_2: input_addr [1/1] 0.00ns
.reset:14  %input_addr = getelementptr [64 x i16]* %input_r, i64 0, i64 %tmp_6_i

ST_2: input_load [2/2] 2.33ns
.reset:15  %input_load = load i16* %input_addr, align 2

ST_2: c [1/1] 0.48ns
.reset:24  %c = add i4 1, %c_i_mid2


 <State 3>: 4.66ns
ST_3: stg_33 [1/1] 0.00ns
.reset:0  call void (...)* @_ssdm_op_SpecLoopName([24 x i8]* @RD_Loop_Row_RD_Loop_Col_str)

ST_3: empty [1/1] 0.00ns
.reset:1  %empty = call i32 (...)* @_ssdm_op_SpecLoopTripCount(i64 64, i64 64, i64 64) nounwind

ST_3: stg_35 [1/1] 0.00ns
.reset:9  call void (...)* @_ssdm_op_SpecLoopName([12 x i8]* @p_str10) nounwind

ST_3: tmp_12_i [1/1] 0.00ns
.reset:10  %tmp_12_i = call i32 (...)* @_ssdm_op_SpecRegionBegin([12 x i8]* @p_str10) nounwind

ST_3: stg_37 [1/1] 0.00ns
.reset:11  call void (...)* @_ssdm_op_SpecPipeline(i32 1, i32 1, i32 1, i32 0, [1 x i8]* @p_str1) nounwind

ST_3: input_load [1/2] 2.33ns
.reset:15  %input_load = load i16* %input_addr, align 2

ST_3: tmp_7_i_trn_cast [1/1] 0.00ns
.reset:16  %tmp_7_i_trn_cast = zext i4 %c_i_mid2 to i8

ST_3: tmp_1 [1/1] 0.00ns
.reset:17  %tmp_1 = call i7 @_ssdm_op_BitConcatenate.i7.i4.i3(i4 %r_i_mid2, i3 0)

ST_3: p_addr_cast [1/1] 0.00ns
.reset:18  %p_addr_cast = zext i7 %tmp_1 to i8

ST_3: p_addr1 [1/1] 1.34ns
.reset:19  %p_addr1 = add i8 %p_addr_cast, %tmp_7_i_trn_cast

ST_3: tmp_2 [1/1] 0.00ns
.reset:20  %tmp_2 = zext i8 %p_addr1 to i64

ST_3: buf_2d_in_addr [1/1] 0.00ns
.reset:21  %buf_2d_in_addr = getelementptr [64 x i16]* %buf_2d_in, i64 0, i64 %tmp_2

ST_3: stg_45 [1/1] 2.33ns
.reset:22  store i16 %input_load, i16* %buf_2d_in_addr, align 2

ST_3: empty_5 [1/1] 0.00ns
.reset:23  %empty_5 = call i32 (...)* @_ssdm_op_SpecRegionEnd([12 x i8]* @p_str10, i32 %tmp_12_i) nounwind

ST_3: stg_47 [1/1] 0.00ns
.reset:25  br label %1


 <State 4>: 0.00ns
ST_4: stg_48 [2/2] 0.00ns
read_data.exit:0  call fastcc void @dct_dct_2d([64 x i16]* nocapture %buf_2d_in, [64 x i16]* nocapture %buf_2d_out) nounwind


 <State 5>: 1.09ns
ST_5: stg_49 [1/2] 0.00ns
read_data.exit:0  call fastcc void @dct_dct_2d([64 x i16]* nocapture %buf_2d_in, [64 x i16]* nocapture %buf_2d_out) nounwind

ST_5: stg_50 [1/1] 1.09ns
read_data.exit:1  br label %2


 <State 6>: 5.75ns
ST_6: indvar_flatten1 [1/1] 0.00ns
:0  %indvar_flatten1 = phi i7 [ 0, %read_data.exit ], [ %indvar_flatten_next1, %.reset10 ]

ST_6: r_i2 [1/1] 0.00ns
:1  %r_i2 = phi i4 [ 0, %read_data.exit ], [ %r_i2_mid2, %.reset10 ]

ST_6: c_i6 [1/1] 0.00ns
:2  %c_i6 = phi i4 [ 0, %read_data.exit ], [ %c_1, %.reset10 ]

ST_6: exitcond_flatten1 [1/1] 1.35ns
:3  %exitcond_flatten1 = icmp eq i7 %indvar_flatten1, -64

ST_6: indvar_flatten_next1 [1/1] 1.34ns
:4  %indvar_flatten_next1 = add i7 %indvar_flatten1, 1

ST_6: stg_56 [1/1] 0.00ns
:5  br i1 %exitcond_flatten1, label %write_data.exit, label %.reset10

ST_6: exitcond_i1 [1/1] 1.24ns
.reset10:2  %exitcond_i1 = icmp eq i4 %c_i6, -8

ST_6: c_i6_mid2 [1/1] 0.84ns
.reset10:3  %c_i6_mid2 = select i1 %exitcond_i1, i4 0, i4 %c_i6

ST_6: r_s [1/1] 0.48ns
.reset10:4  %r_s = add i4 1, %r_i2

ST_6: r_i2_mid2 [1/1] 0.84ns
.reset10:5  %r_i2_mid2 = select i1 %exitcond_i1, i4 %r_s, i4 %r_i2

ST_6: tmp_3 [1/1] 0.00ns
.reset10:6  %tmp_3 = trunc i4 %r_i2_mid2 to i3

ST_6: tmp_i5 [1/1] 0.00ns
.reset10:7  %tmp_i5 = call i6 @_ssdm_op_BitConcatenate.i6.i3.i3(i3 %tmp_3, i3 0)

ST_6: c_i6_cast2 [1/1] 0.00ns
.reset10:8  %c_i6_cast2 = zext i4 %c_i6_mid2 to i6

ST_6: tmp_8_i_trn_cast [1/1] 0.00ns
.reset10:12  %tmp_8_i_trn_cast = zext i4 %c_i6_mid2 to i8

ST_6: tmp_4 [1/1] 0.00ns
.reset10:13  %tmp_4 = call i7 @_ssdm_op_BitConcatenate.i7.i4.i3(i4 %r_i2_mid2, i3 0)

ST_6: p_addr2_cast [1/1] 0.00ns
.reset10:14  %p_addr2_cast = zext i7 %tmp_4 to i8

ST_6: p_addr3 [1/1] 1.34ns
.reset10:15  %p_addr3 = add i8 %p_addr2_cast, %tmp_8_i_trn_cast

ST_6: tmp_5 [1/1] 0.00ns
.reset10:16  %tmp_5 = zext i8 %p_addr3 to i64

ST_6: buf_2d_out_addr [1/1] 0.00ns
.reset10:17  %buf_2d_out_addr = getelementptr [64 x i16]* %buf_2d_out, i64 0, i64 %tmp_5

ST_6: buf_2d_out_load [2/2] 2.33ns
.reset10:18  %buf_2d_out_load = load i16* %buf_2d_out_addr, align 2

ST_6: tmp_9_i [1/1] 1.34ns
.reset10:19  %tmp_9_i = add i6 %c_i6_cast2, %tmp_i5

ST_6: c_1 [1/1] 0.48ns
.reset10:24  %c_1 = add i4 1, %c_i6_mid2


 <State 7>: 4.66ns
ST_7: stg_73 [1/1] 0.00ns
.reset10:0  call void (...)* @_ssdm_op_SpecLoopName([24 x i8]* @WR_Loop_Row_WR_Loop_Col_str)

ST_7: empty_6 [1/1] 0.00ns
.reset10:1  %empty_6 = call i32 (...)* @_ssdm_op_SpecLoopTripCount(i64 64, i64 64, i64 64) nounwind

ST_7: stg_75 [1/1] 0.00ns
.reset10:9  call void (...)* @_ssdm_op_SpecLoopName([12 x i8]* @p_str12) nounwind

ST_7: tmp_2_i [1/1] 0.00ns
.reset10:10  %tmp_2_i = call i32 (...)* @_ssdm_op_SpecRegionBegin([12 x i8]* @p_str12) nounwind

ST_7: stg_77 [1/1] 0.00ns
.reset10:11  call void (...)* @_ssdm_op_SpecPipeline(i32 1, i32 1, i32 1, i32 0, [1 x i8]* @p_str1) nounwind

ST_7: buf_2d_out_load [1/2] 2.33ns
.reset10:18  %buf_2d_out_load = load i16* %buf_2d_out_addr, align 2

ST_7: tmp_3_i [1/1] 0.00ns
.reset10:20  %tmp_3_i = zext i6 %tmp_9_i to i64

ST_7: output_addr [1/1] 0.00ns
.reset10:21  %output_addr = getelementptr [64 x i16]* %output_r, i64 0, i64 %tmp_3_i

ST_7: stg_81 [1/1] 2.33ns
.reset10:22  store i16 %buf_2d_out_load, i16* %output_addr, align 2

ST_7: empty_7 [1/1] 0.00ns
.reset10:23  %empty_7 = call i32 (...)* @_ssdm_op_SpecRegionEnd([12 x i8]* @p_str12, i32 %tmp_2_i) nounwind

ST_7: stg_83 [1/1] 0.00ns
.reset10:25  br label %2


 <State 8>: 0.00ns
ST_8: stg_84 [1/1] 0.00ns
write_data.exit:0  ret void



============================================================
+ Verbose Summary: Binding
============================================================
N/A
* FSMD analyzer results:
  - Output states:
  - Chain level:
	State 1
	State 2
	State 3
	State 4
	State 5
	State 6
	State 7
	State 8


============================================================
+ Verbose Summary: Datapath Resource usage 
============================================================
N/A
