

================================================================
== Vivado HLS Report for 'window_fn_top'
================================================================
* Date:           Sat Aug 08 22:34:27 2015

* Version:        2015.2 (Build 1266856 on Fri Jun 26 16:57:37 PM 2015)
* Project:        window_fn_prj
* Solution:       solution1
* Product family: kintex7
* Target device:  xc7k160tfbg484-1


================================================================
== Performance Estimates
================================================================
+ Timing (ns): 
    * Summary: 
    +--------+-------+----------+------------+
    |  Clock | Target| Estimated| Uncertainty|
    +--------+-------+----------+------------+
    |ap_clk  |   5.00|      3.75|        0.63|
    +--------+-------+----------+------------+

+ Latency (clock cycles): 
    * Summary: 
    +-----+-----+-----+-----+---------+
    |  Latency  |  Interval | Pipeline|
    | min | max | min | max |   Type  |
    +-----+-----+-----+-----+---------+
    |  257|  257|  258|  258|   none  |
    +-----+-----+-----+-----+---------+

    + Detail: 
        * Instance: 
        N/A

        * Loop: 
        +--------------+-----+-----+----------+-----------+-----------+------+----------+
        |              |  Latency  | Iteration|  Initiation Interval  | Trip |          |
        |   Loop Name  | min | max |  Latency |  achieved |   target  | Count| Pipelined|
        +--------------+-----+-----+----------+-----------+-----------+------+----------+
        |- winfn_loop  |  256|  256|         8|          -|          -|    32|    no    |
        +--------------+-----+-----+----------+-----------+-----------+------+----------+



================================================================
== Utilization Estimates
================================================================
* Summary: 
+-----------------+---------+-------+--------+--------+
|       Name      | BRAM_18K| DSP48E|   FF   |   LUT  |
+-----------------+---------+-------+--------+--------+
|Expression       |        -|      -|       0|       9|
|FIFO             |        -|      -|       -|       -|
|Instance         |        -|      3|     151|     148|
|Memory           |        1|      -|       0|       0|
|Multiplexer      |        -|      -|       -|      10|
|Register         |        -|      -|     123|       -|
+-----------------+---------+-------+--------+--------+
|Total            |        1|      3|     274|     167|
+-----------------+---------+-------+--------+--------+
|Available        |      650|    600|  202800|  101400|
+-----------------+---------+-------+--------+--------+
|Utilization (%)  |    ~0   |   ~0  |   ~0   |   ~0   |
+-----------------+---------+-------+--------+--------+

+ Detail: 
    * Instance: 
    +----------------------------------------------+-------------------------------------------+---------+-------+-----+-----+
    |                   Instance                   |                   Module                  | BRAM_18K| DSP48E|  FF | LUT |
    +----------------------------------------------+-------------------------------------------+---------+-------+-----+-----+
    |window_fn_top_fmul_32ns_32ns_32_5_max_dsp_U0  |window_fn_top_fmul_32ns_32ns_32_5_max_dsp  |        0|      3|  151|  148|
    +----------------------------------------------+-------------------------------------------+---------+-------+-----+-----+
    |Total                                         |                                           |        0|      3|  151|  148|
    +----------------------------------------------+-------------------------------------------+---------+-------+-----+-----+

    * Memory: 
    +--------------+--------------------------+---------+---+----+------+-----+------+-------------+
    |    Memory    |          Module          | BRAM_18K| FF| LUT| Words| Bits| Banks| W*Bits*Banks|
    +--------------+--------------------------+---------+---+----+------+-----+------+-------------+
    |coeff_tab1_U  |window_fn_top_coeff_tab1  |        1|  0|   0|    32|   32|     1|         1024|
    +--------------+--------------------------+---------+---+----+------+-----+------+-------------+
    |Total         |                          |        1|  0|   0|    32|   32|     1|         1024|
    +--------------+--------------------------+---------+---+----+------+-----+------+-------------+

    * FIFO: 
    N/A

    * Expression: 
    +---------------------+----------+-------+---+----+------------+------------+
    |    Variable Name    | Operation| DSP48E| FF| LUT| Bitwidth P0| Bitwidth P1|
    +---------------------+----------+-------+---+----+------------+------------+
    |i_fu_85_p2           |     +    |      0|  0|   6|           6|           1|
    |exitcond_i_fu_79_p2  |   icmp   |      0|  0|   3|           6|           7|
    +---------------------+----------+-------+---+----+------------+------------+
    |Total                |          |      0|  0|   9|          12|           8|
    +---------------------+----------+-------+---+----+------------+------------+

    * Multiplexer: 
    +------------+----+-----------+-----+-----------+
    |    Name    | LUT| Input Size| Bits| Total Bits|
    +------------+----+-----------+-----+-----------+
    |ap_NS_fsm   |   4|         10|    1|         10|
    |i_i_reg_64  |   6|          2|    6|         12|
    +------------+----+-----------+-----+-----------+
    |Total       |  10|         12|    7|         22|
    +------------+----+-----------+-----+-----------+

    * Register: 
    +-------------------------+----+----+-----+-----------+
    |           Name          | FF | LUT| Bits| Const Bits|
    +-------------------------+----+----+-----+-----------+
    |ap_CS_fsm                |   9|   0|    9|          0|
    |coeff_tab1_load_reg_120  |  32|   0|   32|          0|
    |i_i_reg_64               |   6|   0|    6|          0|
    |i_reg_100                |   6|   0|    6|          0|
    |indata_load_reg_125      |  32|   0|   32|          0|
    |tmp_1_i_reg_130          |  32|   0|   32|          0|
    |tmp_i_reg_105            |   6|   0|   64|         58|
    +-------------------------+----+----+-----+-----------+
    |Total                    | 123|   0|  181|         58|
    +-------------------------+----+----+-----+-----------+



================================================================
== Interface
================================================================
* Summary: 
+------------------+-----+-----+------------+---------------+--------------+
|     RTL Ports    | Dir | Bits|  Protocol  | Source Object |    C Type    |
+------------------+-----+-----+------------+---------------+--------------+
|ap_clk            |  in |    1| ap_ctrl_hs | window_fn_top | return value |
|ap_rst            |  in |    1| ap_ctrl_hs | window_fn_top | return value |
|ap_start          |  in |    1| ap_ctrl_hs | window_fn_top | return value |
|ap_done           | out |    1| ap_ctrl_hs | window_fn_top | return value |
|ap_idle           | out |    1| ap_ctrl_hs | window_fn_top | return value |
|ap_ready          | out |    1| ap_ctrl_hs | window_fn_top | return value |
|outdata_address0  | out |    5|  ap_memory |    outdata    |     array    |
|outdata_ce0       | out |    1|  ap_memory |    outdata    |     array    |
|outdata_we0       | out |    1|  ap_memory |    outdata    |     array    |
|outdata_d0        | out |   32|  ap_memory |    outdata    |     array    |
|indata_address0   | out |    5|  ap_memory |     indata    |     array    |
|indata_ce0        | out |    1|  ap_memory |     indata    |     array    |
|indata_q0         |  in |   32|  ap_memory |     indata    |     array    |
+------------------+-----+-----+------------+---------------+--------------+

