

================================================================
== Vivado HLS Report for 'window_fn_top'
================================================================
* Date:           Sat Aug 08 22:49:19 2015

* Version:        2015.2 (Build 1266856 on Fri Jun 26 16:57:37 PM 2015)
* Project:        window_fn_prj
* Solution:       solution1
* Product family: kintex7
* Target device:  xc7k160tfbg484-1


================================================================
== Performance Estimates
================================================================
+ Timing (ns): 
    * Summary: 
    +--------+-------+----------+------------+
    |  Clock | Target| Estimated| Uncertainty|
    +--------+-------+----------+------------+
    |ap_clk  |   5.00|      3.49|        0.63|
    +--------+-------+----------+------------+

+ Latency (clock cycles): 
    * Summary: 
    +-----+-----+-----+-----+---------+
    |  Latency  |  Interval | Pipeline|
    | min | max | min | max |   Type  |
    +-----+-----+-----+-----+---------+
    |  193|  193|  194|  194|   none  |
    +-----+-----+-----+-----+---------+

    + Detail: 
        * Instance: 
        N/A

        * Loop: 
        +--------------+-----+-----+----------+-----------+-----------+------+----------+
        |              |  Latency  | Iteration|  Initiation Interval  | Trip |          |
        |   Loop Name  | min | max |  Latency |  achieved |   target  | Count| Pipelined|
        +--------------+-----+-----+----------+-----------+-----------+------+----------+
        |- winfn_loop  |  192|  192|         6|          -|          -|    32|    no    |
        +--------------+-----+-----+----------+-----------+-----------+------+----------+



================================================================
== Utilization Estimates
================================================================
* Summary: 
+-----------------+---------+-------+--------+--------+
|       Name      | BRAM_18K| DSP48E|   FF   |   LUT  |
+-----------------+---------+-------+--------+--------+
|Expression       |        -|      -|       0|       9|
|FIFO             |        -|      -|       -|       -|
|Instance         |        -|      1|       0|       0|
|Memory           |        0|      -|      17|       9|
|Multiplexer      |        -|      -|       -|       8|
|Register         |        -|      -|      74|       -|
+-----------------+---------+-------+--------+--------+
|Total            |        0|      1|      91|      26|
+-----------------+---------+-------+--------+--------+
|Available        |      650|    600|  202800|  101400|
+-----------------+---------+-------+--------+--------+
|Utilization (%)  |        0|   ~0  |   ~0   |   ~0   |
+-----------------+---------+-------+--------+--------+

+ Detail: 
    * Instance: 
    +-----------------------------------+--------------------------------+---------+-------+---+----+
    |              Instance             |             Module             | BRAM_18K| DSP48E| FF| LUT|
    +-----------------------------------+--------------------------------+---------+-------+---+----+
    |window_fn_top_mul_17ns_8s_24_3_U0  |window_fn_top_mul_17ns_8s_24_3  |        0|      1|  0|   0|
    +-----------------------------------+--------------------------------+---------+-------+---+----+
    |Total                              |                                |        0|      1|  0|   0|
    +-----------------------------------+--------------------------------+---------+-------+---+----+

    * Memory: 
    +--------------+--------------------------+---------+----+----+------+-----+------+-------------+
    |    Memory    |          Module          | BRAM_18K| FF | LUT| Words| Bits| Banks| W*Bits*Banks|
    +--------------+--------------------------+---------+----+----+------+-----+------+-------------+
    |coeff_tab1_U  |window_fn_top_coeff_tab1  |        0|  17|   9|    32|   17|     1|          544|
    +--------------+--------------------------+---------+----+----+------+-----+------+-------------+
    |Total         |                          |        0|  17|   9|    32|   17|     1|          544|
    +--------------+--------------------------+---------+----+----+------+-----+------+-------------+

    * FIFO: 
    N/A

    * Expression: 
    +---------------------+----------+-------+---+----+------------+------------+
    |    Variable Name    | Operation| DSP48E| FF| LUT| Bitwidth P0| Bitwidth P1|
    +---------------------+----------+-------+---+----+------------+------------+
    |i_fu_81_p2           |     +    |      0|  0|   6|           6|           1|
    |exitcond_i_fu_75_p2  |   icmp   |      0|  0|   3|           6|           7|
    +---------------------+----------+-------+---+----+------------+------------+
    |Total                |          |      0|  0|   9|          12|           8|
    +---------------------+----------+-------+---+----+------------+------------+

    * Multiplexer: 
    +------------+----+-----------+-----+-----------+
    |    Name    | LUT| Input Size| Bits| Total Bits|
    +------------+----+-----------+-----+-----------+
    |ap_NS_fsm   |   2|          8|    1|          8|
    |i_i_reg_64  |   6|          2|    6|         12|
    +------------+----+-----------+-----+-----------+
    |Total       |   8|         10|    7|         20|
    +------------+----+-----------+-----+-----------+

    * Register: 
    +-------------------------+----+----+-----+-----------+
    |           Name          | FF | LUT| Bits| Const Bits|
    +-------------------------+----+----+-----+-----------+
    |ap_CS_fsm                |   7|   0|    7|          0|
    |coeff_tab1_load_reg_128  |  17|   0|   17|          0|
    |i_i_reg_64               |   6|   0|    6|          0|
    |i_reg_108                |   6|   0|    6|          0|
    |indata_V_load_reg_133    |   8|   0|    8|          0|
    |p_Val2_i_reg_148         |  24|   0|   24|          0|
    |tmp_i_reg_113            |   6|   0|   64|         58|
    +-------------------------+----+----+-----+-----------+
    |Total                    |  74|   0|  132|         58|
    +-------------------------+----+----+-----+-----------+



================================================================
== Interface
================================================================
* Summary: 
+--------------------+-----+-----+------------+---------------+--------------+
|      RTL Ports     | Dir | Bits|  Protocol  | Source Object |    C Type    |
+--------------------+-----+-----+------------+---------------+--------------+
|ap_clk              |  in |    1| ap_ctrl_hs | window_fn_top | return value |
|ap_rst              |  in |    1| ap_ctrl_hs | window_fn_top | return value |
|ap_start            |  in |    1| ap_ctrl_hs | window_fn_top | return value |
|ap_done             | out |    1| ap_ctrl_hs | window_fn_top | return value |
|ap_idle             | out |    1| ap_ctrl_hs | window_fn_top | return value |
|ap_ready            | out |    1| ap_ctrl_hs | window_fn_top | return value |
|outdata_V_address0  | out |    5|  ap_memory |   outdata_V   |     array    |
|outdata_V_ce0       | out |    1|  ap_memory |   outdata_V   |     array    |
|outdata_V_we0       | out |    1|  ap_memory |   outdata_V   |     array    |
|outdata_V_d0        | out |   24|  ap_memory |   outdata_V   |     array    |
|indata_V_address0   | out |    5|  ap_memory |    indata_V   |     array    |
|indata_V_ce0        | out |    1|  ap_memory |    indata_V   |     array    |
|indata_V_q0         |  in |    8|  ap_memory |    indata_V   |     array    |
+--------------------+-----+-----+------------+---------------+--------------+

