

================================================================
== Vivado HLS Report for 'array_io'
================================================================
* Date:           Sat Aug 08 16:12:23 2015

* Version:        2015.2 (Build 1266856 on Fri Jun 26 16:57:37 PM 2015)
* Project:        array_io_prj
* Solution:       solution4
* Product family: kintex7
* Target device:  xc7k160tfbg484-1


================================================================
== Performance Estimates
================================================================
+ Timing (ns): 
    * Summary: 
    +--------+-------+----------+------------+
    |  Clock | Target| Estimated| Uncertainty|
    +--------+-------+----------+------------+
    |ap_clk  |   4.00|      3.40|        0.50|
    +--------+-------+----------+------------+

+ Latency (clock cycles): 
    * Summary: 
    +-----+-----+-----+-----+---------+
    |  Latency  |  Interval | Pipeline|
    | min | max | min | max |   Type  |
    +-----+-----+-----+-----+---------+
    |    2|    2|    3|    3|   none  |
    +-----+-----+-----+-----+---------+

    + Detail: 
        * Instance: 
        N/A

        * Loop: 
        N/A



================================================================
== Utilization Estimates
================================================================
* Summary: 
+-----------------+---------+-------+--------+--------+
|       Name      | BRAM_18K| DSP48E|   FF   |   LUT  |
+-----------------+---------+-------+--------+--------+
|Expression       |        -|      -|       0|    1025|
|FIFO             |        -|      -|       -|       -|
|Instance         |        -|      -|       -|       -|
|Memory           |        -|      -|       -|       -|
|Multiplexer      |        -|      -|       -|       1|
|Register         |        -|      -|    1155|       -|
+-----------------+---------+-------+--------+--------+
|Total            |        0|      0|    1155|    1026|
+-----------------+---------+-------+--------+--------+
|Available        |      650|    600|  202800|  101400|
+-----------------+---------+-------+--------+--------+
|Utilization (%)  |        0|      0|   ~0   |       1|
+-----------------+---------+-------+--------+--------+

+ Detail: 
    * Instance: 
    N/A

    * Memory: 
    N/A

    * FIFO: 
    N/A

    * Expression: 
    +------------------------------+----------+-------+---+----+------------+------------+
    |         Variable Name        | Operation| DSP48E| FF| LUT| Bitwidth P0| Bitwidth P1|
    +------------------------------+----------+-------+---+----+------------+------------+
    |acc_0_loc_assign_1_fu_726_p2  |     +    |      0|  0|  32|          32|          32|
    |acc_0_loc_assign_2_fu_586_p2  |     +    |      0|  0|  32|          32|          32|
    |acc_0_loc_fu_830_p2           |     +    |      0|  0|  32|          32|          32|
    |acc_1_loc_assign_1_fu_739_p2  |     +    |      0|  0|  32|          32|          32|
    |acc_1_loc_assign_2_fu_604_p2  |     +    |      0|  0|  32|          32|          32|
    |acc_1_loc_fu_844_p2           |     +    |      0|  0|  32|          32|          32|
    |acc_2_loc_assign_1_fu_752_p2  |     +    |      0|  0|  32|          32|          32|
    |acc_2_loc_assign_2_fu_622_p2  |     +    |      0|  0|  32|          32|          32|
    |acc_2_loc_fu_858_p2           |     +    |      0|  0|  32|          32|          32|
    |acc_3_loc_assign_1_fu_765_p2  |     +    |      0|  0|  32|          32|          32|
    |acc_3_loc_assign_2_fu_640_p2  |     +    |      0|  0|  32|          32|          32|
    |acc_3_loc_fu_872_p2           |     +    |      0|  0|  32|          32|          32|
    |acc_4_loc_assign_1_fu_778_p2  |     +    |      0|  0|  32|          32|          32|
    |acc_4_loc_assign_2_fu_658_p2  |     +    |      0|  0|  32|          32|          32|
    |acc_4_loc_fu_886_p2           |     +    |      0|  0|  32|          32|          32|
    |acc_5_loc_assign_1_fu_791_p2  |     +    |      0|  0|  32|          32|          32|
    |acc_5_loc_assign_2_fu_676_p2  |     +    |      0|  0|  32|          32|          32|
    |acc_5_loc_fu_900_p2           |     +    |      0|  0|  32|          32|          32|
    |acc_6_loc_assign_1_fu_804_p2  |     +    |      0|  0|  32|          32|          32|
    |acc_6_loc_assign_2_fu_694_p2  |     +    |      0|  0|  32|          32|          32|
    |acc_6_loc_fu_914_p2           |     +    |      0|  0|  32|          32|          32|
    |acc_7_loc_assign_1_fu_817_p2  |     +    |      0|  0|  32|          32|          32|
    |acc_7_loc_assign_2_fu_712_p2  |     +    |      0|  0|  32|          32|          32|
    |acc_7_loc_fu_928_p2           |     +    |      0|  0|  32|          32|          32|
    |temp_1_fu_962_p2              |     +    |      0|  0|  32|          32|          32|
    |temp_2_fu_982_p2              |     +    |      0|  0|  32|          32|          32|
    |temp_3_fu_1002_p2             |     +    |      0|  0|  32|          32|          32|
    |temp_4_fu_1022_p2             |     +    |      0|  0|  32|          32|          32|
    |temp_5_fu_1042_p2             |     +    |      0|  0|  32|          32|          32|
    |temp_6_fu_1062_p2             |     +    |      0|  0|  32|          32|          32|
    |temp_7_fu_1082_p2             |     +    |      0|  0|  32|          32|          32|
    |temp_s_fu_942_p2              |     +    |      0|  0|  32|          32|          32|
    |ap_sig_bdd_355                |    or    |      0|  0|   1|           1|           1|
    +------------------------------+----------+-------+---+----+------------+------------+
    |Total                         |          |      0|  0|1025|        1025|        1025|
    +------------------------------+----------+-------+---+----+------------+------------+

    * Multiplexer: 
    +-----------+----+-----------+-----+-----------+
    |    Name   | LUT| Input Size| Bits| Total Bits|
    +-----------+----+-----------+-----+-----------+
    |ap_NS_fsm  |   1|          4|    1|          4|
    +-----------+----+-----------+-----+-----------+
    |Total      |   1|          4|    1|          4|
    +-----------+----+-----------+-----+-----------+

    * Register: 
    +-----------------------------+----+----+-----+-----------+
    |             Name            | FF | LUT| Bits| Const Bits|
    +-----------------------------+----+----+-----+-----------+
    |acc_0                        |  32|   0|   32|          0|
    |acc_0_loc_assign_2_reg_1098  |  32|   0|   32|          0|
    |acc_0_loc_reg_1218           |  32|   0|   32|          0|
    |acc_1                        |  32|   0|   32|          0|
    |acc_1_loc_assign_2_reg_1108  |  32|   0|   32|          0|
    |acc_1_loc_reg_1228           |  32|   0|   32|          0|
    |acc_2                        |  32|   0|   32|          0|
    |acc_2_loc_assign_2_reg_1118  |  32|   0|   32|          0|
    |acc_2_loc_reg_1238           |  32|   0|   32|          0|
    |acc_3                        |  32|   0|   32|          0|
    |acc_3_loc_assign_2_reg_1128  |  32|   0|   32|          0|
    |acc_3_loc_reg_1248           |  32|   0|   32|          0|
    |acc_4                        |  32|   0|   32|          0|
    |acc_4_loc_assign_2_reg_1138  |  32|   0|   32|          0|
    |acc_4_loc_reg_1258           |  32|   0|   32|          0|
    |acc_5                        |  32|   0|   32|          0|
    |acc_5_loc_assign_2_reg_1148  |  32|   0|   32|          0|
    |acc_5_loc_reg_1268           |  32|   0|   32|          0|
    |acc_6                        |  32|   0|   32|          0|
    |acc_6_loc_assign_2_reg_1158  |  32|   0|   32|          0|
    |acc_6_loc_reg_1278           |  32|   0|   32|          0|
    |acc_7                        |  32|   0|   32|          0|
    |acc_7_loc_assign_2_reg_1168  |  32|   0|   32|          0|
    |acc_7_loc_reg_1288           |  32|   0|   32|          0|
    |ap_CS_fsm                    |   3|   0|    3|          0|
    |tmp_10_reg_1183              |  16|   0|   16|          0|
    |tmp_11_reg_1188              |  16|   0|   16|          0|
    |tmp_12_reg_1193              |  16|   0|   16|          0|
    |tmp_13_reg_1198              |  16|   0|   16|          0|
    |tmp_14_reg_1203              |  16|   0|   16|          0|
    |tmp_15_reg_1208              |  16|   0|   16|          0|
    |tmp_16_reg_1213              |  16|   0|   16|          0|
    |tmp_17_reg_1223              |  16|   0|   16|          0|
    |tmp_18_reg_1233              |  16|   0|   16|          0|
    |tmp_19_reg_1243              |  16|   0|   16|          0|
    |tmp_1_reg_1113               |  16|   0|   16|          0|
    |tmp_20_reg_1253              |  16|   0|   16|          0|
    |tmp_21_reg_1263              |  16|   0|   16|          0|
    |tmp_22_reg_1273              |  16|   0|   16|          0|
    |tmp_23_reg_1283              |  16|   0|   16|          0|
    |tmp_24_reg_1293              |  16|   0|   16|          0|
    |tmp_3_reg_1123               |  16|   0|   16|          0|
    |tmp_4_reg_1133               |  16|   0|   16|          0|
    |tmp_5_reg_1143               |  16|   0|   16|          0|
    |tmp_6_reg_1153               |  16|   0|   16|          0|
    |tmp_7_reg_1163               |  16|   0|   16|          0|
    |tmp_8_reg_1173               |  16|   0|   16|          0|
    |tmp_9_reg_1178               |  16|   0|   16|          0|
    |tmp_reg_1103                 |  16|   0|   16|          0|
    +-----------------------------+----+----+-----+-----------+
    |Total                        |1155|   0| 1155|          0|
    +-----------------------------+----+----+-----+-----------+



================================================================
== Interface
================================================================
* Summary: 
+---------------+-----+-----+------------+--------------+--------------+
|   RTL Ports   | Dir | Bits|  Protocol  | Source Object|    C Type    |
+---------------+-----+-----+------------+--------------+--------------+
|ap_clk         |  in |    1| ap_ctrl_hs |   array_io   | return value |
|ap_rst         |  in |    1| ap_ctrl_hs |   array_io   | return value |
|ap_start       |  in |    1| ap_ctrl_hs |   array_io   | return value |
|ap_done        | out |    1| ap_ctrl_hs |   array_io   | return value |
|ap_idle        | out |    1| ap_ctrl_hs |   array_io   | return value |
|ap_ready       | out |    1| ap_ctrl_hs |   array_io   | return value |
|d_o_0_din      | out |   16|   ap_fifo  |     d_o_0    |    pointer   |
|d_o_0_full_n   |  in |    1|   ap_fifo  |     d_o_0    |    pointer   |
|d_o_0_write    | out |    1|   ap_fifo  |     d_o_0    |    pointer   |
|d_o_1_din      | out |   16|   ap_fifo  |     d_o_1    |    pointer   |
|d_o_1_full_n   |  in |    1|   ap_fifo  |     d_o_1    |    pointer   |
|d_o_1_write    | out |    1|   ap_fifo  |     d_o_1    |    pointer   |
|d_o_2_din      | out |   16|   ap_fifo  |     d_o_2    |    pointer   |
|d_o_2_full_n   |  in |    1|   ap_fifo  |     d_o_2    |    pointer   |
|d_o_2_write    | out |    1|   ap_fifo  |     d_o_2    |    pointer   |
|d_o_3_din      | out |   16|   ap_fifo  |     d_o_3    |    pointer   |
|d_o_3_full_n   |  in |    1|   ap_fifo  |     d_o_3    |    pointer   |
|d_o_3_write    | out |    1|   ap_fifo  |     d_o_3    |    pointer   |
|d_o_4_din      | out |   16|   ap_fifo  |     d_o_4    |    pointer   |
|d_o_4_full_n   |  in |    1|   ap_fifo  |     d_o_4    |    pointer   |
|d_o_4_write    | out |    1|   ap_fifo  |     d_o_4    |    pointer   |
|d_o_5_din      | out |   16|   ap_fifo  |     d_o_5    |    pointer   |
|d_o_5_full_n   |  in |    1|   ap_fifo  |     d_o_5    |    pointer   |
|d_o_5_write    | out |    1|   ap_fifo  |     d_o_5    |    pointer   |
|d_o_6_din      | out |   16|   ap_fifo  |     d_o_6    |    pointer   |
|d_o_6_full_n   |  in |    1|   ap_fifo  |     d_o_6    |    pointer   |
|d_o_6_write    | out |    1|   ap_fifo  |     d_o_6    |    pointer   |
|d_o_7_din      | out |   16|   ap_fifo  |     d_o_7    |    pointer   |
|d_o_7_full_n   |  in |    1|   ap_fifo  |     d_o_7    |    pointer   |
|d_o_7_write    | out |    1|   ap_fifo  |     d_o_7    |    pointer   |
|d_o_8_din      | out |   16|   ap_fifo  |     d_o_8    |    pointer   |
|d_o_8_full_n   |  in |    1|   ap_fifo  |     d_o_8    |    pointer   |
|d_o_8_write    | out |    1|   ap_fifo  |     d_o_8    |    pointer   |
|d_o_9_din      | out |   16|   ap_fifo  |     d_o_9    |    pointer   |
|d_o_9_full_n   |  in |    1|   ap_fifo  |     d_o_9    |    pointer   |
|d_o_9_write    | out |    1|   ap_fifo  |     d_o_9    |    pointer   |
|d_o_10_din     | out |   16|   ap_fifo  |    d_o_10    |    pointer   |
|d_o_10_full_n  |  in |    1|   ap_fifo  |    d_o_10    |    pointer   |
|d_o_10_write   | out |    1|   ap_fifo  |    d_o_10    |    pointer   |
|d_o_11_din     | out |   16|   ap_fifo  |    d_o_11    |    pointer   |
|d_o_11_full_n  |  in |    1|   ap_fifo  |    d_o_11    |    pointer   |
|d_o_11_write   | out |    1|   ap_fifo  |    d_o_11    |    pointer   |
|d_o_12_din     | out |   16|   ap_fifo  |    d_o_12    |    pointer   |
|d_o_12_full_n  |  in |    1|   ap_fifo  |    d_o_12    |    pointer   |
|d_o_12_write   | out |    1|   ap_fifo  |    d_o_12    |    pointer   |
|d_o_13_din     | out |   16|   ap_fifo  |    d_o_13    |    pointer   |
|d_o_13_full_n  |  in |    1|   ap_fifo  |    d_o_13    |    pointer   |
|d_o_13_write   | out |    1|   ap_fifo  |    d_o_13    |    pointer   |
|d_o_14_din     | out |   16|   ap_fifo  |    d_o_14    |    pointer   |
|d_o_14_full_n  |  in |    1|   ap_fifo  |    d_o_14    |    pointer   |
|d_o_14_write   | out |    1|   ap_fifo  |    d_o_14    |    pointer   |
|d_o_15_din     | out |   16|   ap_fifo  |    d_o_15    |    pointer   |
|d_o_15_full_n  |  in |    1|   ap_fifo  |    d_o_15    |    pointer   |
|d_o_15_write   | out |    1|   ap_fifo  |    d_o_15    |    pointer   |
|d_o_16_din     | out |   16|   ap_fifo  |    d_o_16    |    pointer   |
|d_o_16_full_n  |  in |    1|   ap_fifo  |    d_o_16    |    pointer   |
|d_o_16_write   | out |    1|   ap_fifo  |    d_o_16    |    pointer   |
|d_o_17_din     | out |   16|   ap_fifo  |    d_o_17    |    pointer   |
|d_o_17_full_n  |  in |    1|   ap_fifo  |    d_o_17    |    pointer   |
|d_o_17_write   | out |    1|   ap_fifo  |    d_o_17    |    pointer   |
|d_o_18_din     | out |   16|   ap_fifo  |    d_o_18    |    pointer   |
|d_o_18_full_n  |  in |    1|   ap_fifo  |    d_o_18    |    pointer   |
|d_o_18_write   | out |    1|   ap_fifo  |    d_o_18    |    pointer   |
|d_o_19_din     | out |   16|   ap_fifo  |    d_o_19    |    pointer   |
|d_o_19_full_n  |  in |    1|   ap_fifo  |    d_o_19    |    pointer   |
|d_o_19_write   | out |    1|   ap_fifo  |    d_o_19    |    pointer   |
|d_o_20_din     | out |   16|   ap_fifo  |    d_o_20    |    pointer   |
|d_o_20_full_n  |  in |    1|   ap_fifo  |    d_o_20    |    pointer   |
|d_o_20_write   | out |    1|   ap_fifo  |    d_o_20    |    pointer   |
|d_o_21_din     | out |   16|   ap_fifo  |    d_o_21    |    pointer   |
|d_o_21_full_n  |  in |    1|   ap_fifo  |    d_o_21    |    pointer   |
|d_o_21_write   | out |    1|   ap_fifo  |    d_o_21    |    pointer   |
|d_o_22_din     | out |   16|   ap_fifo  |    d_o_22    |    pointer   |
|d_o_22_full_n  |  in |    1|   ap_fifo  |    d_o_22    |    pointer   |
|d_o_22_write   | out |    1|   ap_fifo  |    d_o_22    |    pointer   |
|d_o_23_din     | out |   16|   ap_fifo  |    d_o_23    |    pointer   |
|d_o_23_full_n  |  in |    1|   ap_fifo  |    d_o_23    |    pointer   |
|d_o_23_write   | out |    1|   ap_fifo  |    d_o_23    |    pointer   |
|d_o_24_din     | out |   16|   ap_fifo  |    d_o_24    |    pointer   |
|d_o_24_full_n  |  in |    1|   ap_fifo  |    d_o_24    |    pointer   |
|d_o_24_write   | out |    1|   ap_fifo  |    d_o_24    |    pointer   |
|d_o_25_din     | out |   16|   ap_fifo  |    d_o_25    |    pointer   |
|d_o_25_full_n  |  in |    1|   ap_fifo  |    d_o_25    |    pointer   |
|d_o_25_write   | out |    1|   ap_fifo  |    d_o_25    |    pointer   |
|d_o_26_din     | out |   16|   ap_fifo  |    d_o_26    |    pointer   |
|d_o_26_full_n  |  in |    1|   ap_fifo  |    d_o_26    |    pointer   |
|d_o_26_write   | out |    1|   ap_fifo  |    d_o_26    |    pointer   |
|d_o_27_din     | out |   16|   ap_fifo  |    d_o_27    |    pointer   |
|d_o_27_full_n  |  in |    1|   ap_fifo  |    d_o_27    |    pointer   |
|d_o_27_write   | out |    1|   ap_fifo  |    d_o_27    |    pointer   |
|d_o_28_din     | out |   16|   ap_fifo  |    d_o_28    |    pointer   |
|d_o_28_full_n  |  in |    1|   ap_fifo  |    d_o_28    |    pointer   |
|d_o_28_write   | out |    1|   ap_fifo  |    d_o_28    |    pointer   |
|d_o_29_din     | out |   16|   ap_fifo  |    d_o_29    |    pointer   |
|d_o_29_full_n  |  in |    1|   ap_fifo  |    d_o_29    |    pointer   |
|d_o_29_write   | out |    1|   ap_fifo  |    d_o_29    |    pointer   |
|d_o_30_din     | out |   16|   ap_fifo  |    d_o_30    |    pointer   |
|d_o_30_full_n  |  in |    1|   ap_fifo  |    d_o_30    |    pointer   |
|d_o_30_write   | out |    1|   ap_fifo  |    d_o_30    |    pointer   |
|d_o_31_din     | out |   16|   ap_fifo  |    d_o_31    |    pointer   |
|d_o_31_full_n  |  in |    1|   ap_fifo  |    d_o_31    |    pointer   |
|d_o_31_write   | out |    1|   ap_fifo  |    d_o_31    |    pointer   |
|d_i_0          |  in |   16|   ap_none  |     d_i_0    |    pointer   |
|d_i_1          |  in |   16|   ap_none  |     d_i_1    |    pointer   |
|d_i_2          |  in |   16|   ap_none  |     d_i_2    |    pointer   |
|d_i_3          |  in |   16|   ap_none  |     d_i_3    |    pointer   |
|d_i_4          |  in |   16|   ap_none  |     d_i_4    |    pointer   |
|d_i_5          |  in |   16|   ap_none  |     d_i_5    |    pointer   |
|d_i_6          |  in |   16|   ap_none  |     d_i_6    |    pointer   |
|d_i_7          |  in |   16|   ap_none  |     d_i_7    |    pointer   |
|d_i_8          |  in |   16|   ap_none  |     d_i_8    |    pointer   |
|d_i_9          |  in |   16|   ap_none  |     d_i_9    |    pointer   |
|d_i_10         |  in |   16|   ap_none  |    d_i_10    |    pointer   |
|d_i_11         |  in |   16|   ap_none  |    d_i_11    |    pointer   |
|d_i_12         |  in |   16|   ap_none  |    d_i_12    |    pointer   |
|d_i_13         |  in |   16|   ap_none  |    d_i_13    |    pointer   |
|d_i_14         |  in |   16|   ap_none  |    d_i_14    |    pointer   |
|d_i_15         |  in |   16|   ap_none  |    d_i_15    |    pointer   |
|d_i_16         |  in |   16|   ap_none  |    d_i_16    |    pointer   |
|d_i_17         |  in |   16|   ap_none  |    d_i_17    |    pointer   |
|d_i_18         |  in |   16|   ap_none  |    d_i_18    |    pointer   |
|d_i_19         |  in |   16|   ap_none  |    d_i_19    |    pointer   |
|d_i_20         |  in |   16|   ap_none  |    d_i_20    |    pointer   |
|d_i_21         |  in |   16|   ap_none  |    d_i_21    |    pointer   |
|d_i_22         |  in |   16|   ap_none  |    d_i_22    |    pointer   |
|d_i_23         |  in |   16|   ap_none  |    d_i_23    |    pointer   |
|d_i_24         |  in |   16|   ap_none  |    d_i_24    |    pointer   |
|d_i_25         |  in |   16|   ap_none  |    d_i_25    |    pointer   |
|d_i_26         |  in |   16|   ap_none  |    d_i_26    |    pointer   |
|d_i_27         |  in |   16|   ap_none  |    d_i_27    |    pointer   |
|d_i_28         |  in |   16|   ap_none  |    d_i_28    |    pointer   |
|d_i_29         |  in |   16|   ap_none  |    d_i_29    |    pointer   |
|d_i_30         |  in |   16|   ap_none  |    d_i_30    |    pointer   |
|d_i_31         |  in |   16|   ap_none  |    d_i_31    |    pointer   |
+---------------+-----+-----+------------+--------------+--------------+

